Jul 31 17:37:36 giropops-control-plane systemd[1]: Starting containerd.service - containerd container runtime...
Jul 31 17:37:36 giropops-control-plane containerd[137]: time="2026-07-31T17:37:36Z" level=warning msg="Configuration migrated from version 2, use `containerd config migrate` to avoid migration" t="13.586µs"
Jul 31 17:37:36 giropops-control-plane containerd[137]: time="2026-07-31T17:37:36.850110753Z" level=info msg="starting containerd" revision=64b425cf570b3b8dd1d4cc46da7c1fce65c6651a version=v2.3.1
Jul 31 17:37:36 giropops-control-plane containerd[137]: time="2026-07-31T17:37:36.850302876Z" level=info msg="loading plugin" id=io.containerd.content.v1.content type=io.containerd.content.v1
Jul 31 17:37:36 giropops-control-plane containerd[137]: time="2026-07-31T17:37:36.850814094Z" level=warning msg="failed check for fsverity support" error="enable fsverity failed: operation not supported" path=/var/lib/containerd/io.containerd.content.v1.content
Jul 31 17:37:36 giropops-control-plane containerd[137]: time="2026-07-31T17:37:36.851579142Z" level=info msg="loading plugin" id=io.containerd.image-verifier.v1.bindir type=io.containerd.image-verifier.v1
Jul 31 17:37:36 giropops-control-plane containerd[137]: time="2026-07-31T17:37:36.851593580Z" level=info msg="loading plugin" id=io.containerd.internal.v1.opt type=io.containerd.internal.v1
Jul 31 17:37:36 giropops-control-plane containerd[137]: time="2026-07-31T17:37:36.851650604Z" level=info msg="loading plugin" id=io.containerd.warning.v1.deprecations type=io.containerd.warning.v1
Jul 31 17:37:36 giropops-control-plane containerd[137]: time="2026-07-31T17:37:36.851659831Z" level=info msg="loading plugin" id=io.containerd.event.v1.exchange type=io.containerd.event.v1
Jul 31 17:37:36 giropops-control-plane containerd[137]: time="2026-07-31T17:37:36.851744608Z" level=info msg="loading plugin" id=io.containerd.mount-handler.v1.erofs type=io.containerd.mount-handler.v1
Jul 31 17:37:36 giropops-control-plane containerd[137]: time="2026-07-31T17:37:36.851758290Z" level=info msg="loading plugin" id=io.containerd.snapshotter.v1.blockfile type=io.containerd.snapshotter.v1
Jul 31 17:37:36 giropops-control-plane containerd[137]: time="2026-07-31T17:37:36.851789235Z" level=info msg="skip loading plugin" error="no scratch file generator: skip plugin" id=io.containerd.snapshotter.v1.blockfile type=io.containerd.snapshotter.v1
Jul 31 17:37:36 giropops-control-plane containerd[137]: time="2026-07-31T17:37:36.851798990Z" level=info msg="loading plugin" id=io.containerd.snapshotter.v1.erofs type=io.containerd.snapshotter.v1
Jul 31 17:37:36 giropops-control-plane containerd[137]: time="2026-07-31T17:37:36.851901968Z" level=info msg="skip loading plugin" error="EROFS unsupported, please `modprobe erofs`: skip plugin" id=io.containerd.snapshotter.v1.erofs type=io.containerd.snapshotter.v1
Jul 31 17:37:36 giropops-control-plane containerd[137]: time="2026-07-31T17:37:36.851911026Z" level=info msg="loading plugin" id=io.containerd.snapshotter.v1.native type=io.containerd.snapshotter.v1
Jul 31 17:37:36 giropops-control-plane containerd[137]: time="2026-07-31T17:37:36.851924382Z" level=info msg="loading plugin" id=io.containerd.snapshotter.v1.overlayfs type=io.containerd.snapshotter.v1
Jul 31 17:37:36 giropops-control-plane containerd[137]: time="2026-07-31T17:37:36.852215197Z" level=info msg="loading plugin" id=io.containerd.monitor.task.v1.cgroups type=io.containerd.monitor.task.v1
Jul 31 17:37:36 giropops-control-plane containerd[137]: time="2026-07-31T17:37:36.852907782Z" level=info msg="loading plugin" id=io.containerd.snapshotter.v1.fuse-overlayfs type=io.containerd.snapshotter.v1
Jul 31 17:37:36 giropops-control-plane containerd[137]: time="2026-07-31T17:37:36.853353959Z" level=info msg="loading plugin" id=io.containerd.metadata.v1.bolt type=io.containerd.metadata.v1
Jul 31 17:37:36 giropops-control-plane containerd[137]: time="2026-07-31T17:37:36.853692541Z" level=info msg="metadata content store policy set" policy=shared
Jul 31 17:37:36 giropops-control-plane containerd[137]: time="2026-07-31T17:37:36.854304507Z" level=info msg="loading plugin" id=io.containerd.gc.v1.scheduler type=io.containerd.gc.v1
Jul 31 17:37:36 giropops-control-plane containerd[137]: time="2026-07-31T17:37:36.854969353Z" level=info msg="loading plugin" id=io.containerd.server.v1.metrics type=io.containerd.server.v1
Jul 31 17:37:36 giropops-control-plane containerd[137]: time="2026-07-31T17:37:36.855039093Z" level=info msg="skip loading plugin" error="skip plugin" id=io.containerd.server.v1.metrics type=io.containerd.server.v1
Jul 31 17:37:36 giropops-control-plane containerd[137]: time="2026-07-31T17:37:36.855224003Z" level=info msg="loading plugin" id=io.containerd.tracing.processor.v1.otlp type=io.containerd.tracing.processor.v1
Jul 31 17:37:36 giropops-control-plane containerd[137]: time="2026-07-31T17:37:36.855293993Z" level=info msg="skip loading plugin" error="skip plugin: tracing endpoint not configured" id=io.containerd.tracing.processor.v1.otlp type=io.containerd.tracing.processor.v1
Jul 31 17:37:36 giropops-control-plane containerd[137]: time="2026-07-31T17:37:36.855305966Z" level=info msg="loading plugin" id=io.containerd.internal.v1.tracing type=io.containerd.internal.v1
Jul 31 17:37:36 giropops-control-plane containerd[137]: time="2026-07-31T17:37:36.855314374Z" level=info msg="skip loading plugin" error="skip plugin: tracing endpoint not configured" id=io.containerd.internal.v1.tracing type=io.containerd.internal.v1
Jul 31 17:37:36 giropops-control-plane containerd[137]: time="2026-07-31T17:37:36.855320198Z" level=info msg="loading plugin" id=io.containerd.nri.v1.nri type=io.containerd.nri.v1
Jul 31 17:37:36 giropops-control-plane containerd[137]: time="2026-07-31T17:37:36.855382438Z" level=info msg="built-in NRI default validator is disabled"
Jul 31 17:37:36 giropops-control-plane containerd[137]: time="2026-07-31T17:37:36.855390195Z" level=info msg="runtime interface created"
Jul 31 17:37:36 giropops-control-plane containerd[137]: time="2026-07-31T17:37:36.855394002Z" level=info msg="created NRI interface"
Jul 31 17:37:36 giropops-control-plane containerd[137]: time="2026-07-31T17:37:36.855405005Z" level=info msg="loading plugin" id=io.containerd.ttrpc.v1.otelttrpc type=io.containerd.ttrpc.v1
Jul 31 17:37:36 giropops-control-plane containerd[137]: time="2026-07-31T17:37:36.855414331Z" level=info msg="loading plugin" id=io.containerd.service.v1.containers-service type=io.containerd.service.v1
Jul 31 17:37:36 giropops-control-plane containerd[137]: time="2026-07-31T17:37:36.855423369Z" level=info msg="loading plugin" id=io.containerd.service.v1.content-service type=io.containerd.service.v1
Jul 31 17:37:36 giropops-control-plane containerd[137]: time="2026-07-31T17:37:36.855429357Z" level=info msg="loading plugin" id=io.containerd.differ.v1.erofs type=io.containerd.differ.v1
Jul 31 17:37:36 giropops-control-plane containerd[137]: time="2026-07-31T17:37:36.855479199Z" level=info msg="skip loading plugin" error="failed to check mkfs.erofs availability: failed to run mkfs.erofs --help: exec: \"mkfs.erofs\": executable file not found in $PATH: skip plugin" id=io.containerd.differ.v1.erofs type=io.containerd.differ.v1
Jul 31 17:37:36 giropops-control-plane containerd[137]: time="2026-07-31T17:37:36.855489025Z" level=info msg="loading plugin" id=io.containerd.mount-manager.v1.bolt type=io.containerd.mount-manager.v1
Jul 31 17:37:36 giropops-control-plane containerd[137]: time="2026-07-31T17:37:36.855781428Z" level=info msg="loading plugin" id=io.containerd.differ.v1.walking type=io.containerd.differ.v1
Jul 31 17:37:36 giropops-control-plane containerd[137]: time="2026-07-31T17:37:36.855803693Z" level=info msg="loading plugin" id=io.containerd.service.v1.diff-service type=io.containerd.service.v1
Jul 31 17:37:36 giropops-control-plane containerd[137]: time="2026-07-31T17:37:36.855820117Z" level=info msg="loading plugin" id=io.containerd.service.v1.images-service type=io.containerd.service.v1
Jul 31 17:37:36 giropops-control-plane containerd[137]: time="2026-07-31T17:37:36.855832286Z" level=info msg="loading plugin" id=io.containerd.service.v1.introspection-service type=io.containerd.service.v1
Jul 31 17:37:36 giropops-control-plane containerd[137]: time="2026-07-31T17:37:36.855838708Z" level=info msg="loading plugin" id=io.containerd.service.v1.namespaces-service type=io.containerd.service.v1
Jul 31 17:37:36 giropops-control-plane containerd[137]: time="2026-07-31T17:37:36.855845142Z" level=info msg="loading plugin" id=io.containerd.service.v1.snapshots-service type=io.containerd.service.v1
Jul 31 17:37:36 giropops-control-plane containerd[137]: time="2026-07-31T17:37:36.855851250Z" level=info msg="loading plugin" id=io.containerd.shim.v1.manager type=io.containerd.shim.v1
Jul 31 17:37:36 giropops-control-plane containerd[137]: time="2026-07-31T17:37:36.855858731Z" level=info msg="loading plugin" id=io.containerd.runtime.v2.task type=io.containerd.runtime.v2
Jul 31 17:37:36 giropops-control-plane containerd[137]: time="2026-07-31T17:37:36.855891994Z" level=info msg="loading plugin" id=io.containerd.service.v1.tasks-service type=io.containerd.service.v1
Jul 31 17:37:36 giropops-control-plane containerd[137]: time="2026-07-31T17:37:36.855910974Z" level=info msg="loading plugin" id=io.containerd.grpc.v1.containers type=io.containerd.grpc.v1
Jul 31 17:37:36 giropops-control-plane containerd[137]: time="2026-07-31T17:37:36.855935846Z" level=info msg="loading plugin" id=io.containerd.grpc.v1.content type=io.containerd.grpc.v1
Jul 31 17:37:36 giropops-control-plane containerd[137]: time="2026-07-31T17:37:36.855951568Z" level=info msg="loading plugin" id=io.containerd.grpc.v1.diff type=io.containerd.grpc.v1
Jul 31 17:37:36 giropops-control-plane containerd[137]: time="2026-07-31T17:37:36.855960733Z" level=info msg="loading plugin" id=io.containerd.grpc.v1.events type=io.containerd.grpc.v1
Jul 31 17:37:36 giropops-control-plane containerd[137]: time="2026-07-31T17:37:36.855966324Z" level=info msg="loading plugin" id=io.containerd.grpc.v1.images type=io.containerd.grpc.v1
Jul 31 17:37:36 giropops-control-plane containerd[137]: time="2026-07-31T17:37:36.855972564Z" level=info msg="loading plugin" id=io.containerd.grpc.v1.introspection type=io.containerd.grpc.v1
Jul 31 17:37:36 giropops-control-plane containerd[137]: time="2026-07-31T17:37:36.855978905Z" level=info msg="loading plugin" id=io.containerd.lease.v1.manager type=io.containerd.lease.v1
Jul 31 17:37:36 giropops-control-plane containerd[137]: time="2026-07-31T17:37:36.855986009Z" level=info msg="loading plugin" id=io.containerd.grpc.v1.leases type=io.containerd.grpc.v1
Jul 31 17:37:36 giropops-control-plane containerd[137]: time="2026-07-31T17:37:36.855992397Z" level=info msg="loading plugin" id=io.containerd.grpc.v1.mounts type=io.containerd.grpc.v1
Jul 31 17:37:36 giropops-control-plane containerd[137]: time="2026-07-31T17:37:36.856006117Z" level=info msg="loading plugin" id=io.containerd.grpc.v1.namespaces type=io.containerd.grpc.v1
Jul 31 17:37:36 giropops-control-plane containerd[137]: time="2026-07-31T17:37:36.856023008Z" level=info msg="loading plugin" id=io.containerd.sandbox.store.v1.local type=io.containerd.sandbox.store.v1
Jul 31 17:37:36 giropops-control-plane containerd[137]: time="2026-07-31T17:37:36.856032279Z" level=info msg="loading plugin" id=io.containerd.transfer.v1.local type=io.containerd.transfer.v1
Jul 31 17:37:36 giropops-control-plane containerd[137]: time="2026-07-31T17:37:36.856060816Z" level=info msg="loading plugin" id=io.containerd.cri.v1.images type=io.containerd.cri.v1
Jul 31 17:37:36 giropops-control-plane containerd[137]: time="2026-07-31T17:37:36.856111127Z" level=warning msg="Found 'DiscardUnpackedLayers' in CRI config which is incompatible with transfer service (not supported with transfer service). Falling back to local image pull mode."
Jul 31 17:37:36 giropops-control-plane containerd[137]: time="2026-07-31T17:37:36.856140475Z" level=info msg="Get image filesystem path \"/var/lib/containerd/io.containerd.snapshotter.v1.overlayfs\" for snapshotter \"overlayfs\""
Jul 31 17:37:36 giropops-control-plane containerd[137]: time="2026-07-31T17:37:36.856150929Z" level=info msg="Start snapshots syncer"
Jul 31 17:37:36 giropops-control-plane containerd[137]: time="2026-07-31T17:37:36.856362884Z" level=info msg="loading plugin" id=io.containerd.cri.v1.runtime type=io.containerd.cri.v1
Jul 31 17:37:36 giropops-control-plane containerd[137]: time="2026-07-31T17:37:36.856530525Z" level=warning msg="Ignoring unknown key in TOML for plugin" error="strict mode: fields in the document are missing in the target struct" key=tolerate_missing_hugepages_controller plugin=io.containerd.cri.v1.runtime
Jul 31 17:37:36 giropops-control-plane containerd[137]: time="2026-07-31T17:37:36.862283604Z" level=info msg="starting cri plugin" config="{\"containerd\":{\"defaultRuntimeName\":\"runc\",\"runtimes\":{\"runc\":{\"runtimeType\":\"io.containerd.runc.v2\",\"runtimePath\":\"\",\"PodAnnotations\":null,\"ContainerAnnotations\":null,\"options\":{\"BinaryName\":\"\",\"CriuImagePath\":\"\",\"CriuWorkPath\":\"\",\"IoGid\":0,\"IoUid\":0,\"NoNewKeyring\":false,\"Root\":\"\",\"ShimCgroup\":\"\",\"SystemdCgroup\":true},\"privileged_without_host_devices\":false,\"privileged_without_host_devices_all_devices_allowed\":false,\"cgroupWritable\":false,\"baseRuntimeSpec\":\"/etc/containerd/cri-base.json\",\"cniConfDir\":\"\",\"cniMaxConfNum\":0,\"snapshotter\":\"\",\"sandboxer\":\"podsandbox\",\"io_type\":\"\"},\"test-handler\":{\"runtimeType\":\"io.containerd.runc.v2\",\"runtimePath\":\"\",\"PodAnnotations\":null,\"ContainerAnnotations\":null,\"options\":{\"SystemdCgroup\":true},\"privileged_without_host_devices\":false,\"privileged_without_host_devices_all_devices_allowed\":false,\"cgroupWritable\":false,\"baseRuntimeSpec\":\"/etc/containerd/cri-base.json\",\"cniConfDir\":\"\",\"cniMaxConfNum\":0,\"snapshotter\":\"\",\"sandboxer\":\"podsandbox\",\"io_type\":\"\"}},\"ignoreBlockIONotEnabledErrors\":false,\"ignoreRdtNotEnabledErrors\":false},\"cni\":{\"binDir\":\"\",\"binDirs\":[\"/opt/cni/bin\"],\"confDir\":\"/etc/cni/net.d\",\"maxConfNum\":1,\"setupSerially\":false,\"confTemplate\":\"\",\"ipPref\":\"\",\"useInternalLoopback\":false},\"enableSelinux\":false,\"selinuxCategoryRange\":1024,\"maxContainerLogLineSize\":16384,\"disableApparmor\":false,\"restrictOOMScoreAdj\":false,\"disableProcMount\":false,\"unsetSeccompProfile\":\"\",\"tolerateMissingHugetlbController\":true,\"disableHugetlbController\":true,\"device_ownership_from_security_context\":false,\"ignoreImageDefinedVolumes\":false,\"netnsMountsUnderStateDir\":false,\"enableUnprivilegedPorts\":true,\"enableUnprivilegedICMP\":true,\"enableCDI\":true,\"cdiSpecDirs\":[\"/etc/cdi\",\"/var/run/cdi\"],\"drainExecSyncIOTimeout\":\"0s\",\"ignoreDeprecationWarnings\":null,\"statsCollectPeriod\":\"\",\"statsRetentionPeriod\":\"\",\"containerdRootDir\":\"/var/lib/containerd\",\"containerdEndpoint\":\"/run/containerd/containerd.sock\",\"rootDir\":\"/var/lib/containerd/io.containerd.grpc.v1.cri\",\"stateDir\":\"/run/containerd/io.containerd.grpc.v1.cri\"}"
Jul 31 17:37:37 giropops-control-plane containerd[137]: time="2026-07-31T17:37:37.291731475Z" level=info msg="loading plugin" id=io.containerd.podsandbox.controller.v1.podsandbox type=io.containerd.podsandbox.controller.v1
Jul 31 17:37:37 giropops-control-plane containerd[137]: time="2026-07-31T17:37:37.311399968Z" level=info msg="loading plugin" id=io.containerd.sandbox.controller.v1.shim type=io.containerd.sandbox.controller.v1
Jul 31 17:37:37 giropops-control-plane containerd[137]: time="2026-07-31T17:37:37.326321128Z" level=info msg="loading plugin" id=io.containerd.grpc.v1.sandbox-controllers type=io.containerd.grpc.v1
Jul 31 17:37:37 giropops-control-plane containerd[137]: time="2026-07-31T17:37:37.331915270Z" level=info msg="loading plugin" id=io.containerd.grpc.v1.sandboxes type=io.containerd.grpc.v1
Jul 31 17:37:37 giropops-control-plane containerd[137]: time="2026-07-31T17:37:37.331957393Z" level=info msg="loading plugin" id=io.containerd.grpc.v1.snapshots type=io.containerd.grpc.v1
Jul 31 17:37:37 giropops-control-plane containerd[137]: time="2026-07-31T17:37:37.331972891Z" level=info msg="loading plugin" id=io.containerd.streaming.v1.manager type=io.containerd.streaming.v1
Jul 31 17:37:37 giropops-control-plane containerd[137]: time="2026-07-31T17:37:37.455970937Z" level=info msg="loading plugin" id=io.containerd.grpc.v1.streaming type=io.containerd.grpc.v1
Jul 31 17:37:37 giropops-control-plane containerd[137]: time="2026-07-31T17:37:37.456751516Z" level=info msg="loading plugin" id=io.containerd.grpc.v1.tasks type=io.containerd.grpc.v1
Jul 31 17:37:37 giropops-control-plane containerd[137]: time="2026-07-31T17:37:37.456903495Z" level=info msg="loading plugin" id=io.containerd.grpc.v1.transfer type=io.containerd.grpc.v1
Jul 31 17:37:37 giropops-control-plane containerd[137]: time="2026-07-31T17:37:37.456927800Z" level=info msg="loading plugin" id=io.containerd.grpc.v1.version type=io.containerd.grpc.v1
Jul 31 17:37:37 giropops-control-plane containerd[137]: time="2026-07-31T17:37:37.456937451Z" level=info msg="loading plugin" id=io.containerd.grpc.v1.healthcheck type=io.containerd.grpc.v1
Jul 31 17:37:37 giropops-control-plane containerd[137]: time="2026-07-31T17:37:37.456944399Z" level=info msg="loading plugin" id=io.containerd.grpc.v1.cri type=io.containerd.grpc.v1
Jul 31 17:37:37 giropops-control-plane containerd[137]: time="2026-07-31T17:37:37.456979849Z" level=info msg="Connect containerd service"
Jul 31 17:37:37 giropops-control-plane containerd[137]: time="2026-07-31T17:37:37.457015552Z" level=info msg="using experimental NRI integration - disable nri plugin to prevent this"
Jul 31 17:37:37 giropops-control-plane containerd[137]: time="2026-07-31T17:37:37.458256294Z" level=warning msg="failed to load cni during init, please check CRI plugin status before setting up network for pods" error="cni config load failed: no network config found in /etc/cni/net.d: cni plugin not initialized: failed to load cni config"
Jul 31 17:37:38 giropops-control-plane containerd[137]: time="2026-07-31T17:37:38.183230112Z" level=info msg="loading plugin" id=io.containerd.server.v1.ttrpc type=io.containerd.server.v1
Jul 31 17:37:38 giropops-control-plane containerd[137]: time="2026-07-31T17:37:38.183361946Z" level=info msg="loading plugin" id=io.containerd.monitor.container.v1.restart type=io.containerd.monitor.container.v1
Jul 31 17:37:38 giropops-control-plane containerd[137]: time="2026-07-31T17:37:38.183401061Z" level=info msg="loading plugin" id=io.containerd.metrics.v1.grpc-prometheus type=io.containerd.metrics.v1
Jul 31 17:37:38 giropops-control-plane containerd[137]: time="2026-07-31T17:37:38.183439708Z" level=info msg="loading plugin" id=io.containerd.metrics.v1.grpc-otel type=io.containerd.metrics.v1
Jul 31 17:37:38 giropops-control-plane containerd[137]: time="2026-07-31T17:37:38.183457752Z" level=info msg="loading plugin" id=io.containerd.server.v1.grpc type=io.containerd.server.v1
Jul 31 17:37:38 giropops-control-plane containerd[137]: time="2026-07-31T17:37:38.183599816Z" level=info msg="Start subscribing containerd event"
Jul 31 17:37:38 giropops-control-plane containerd[137]: time="2026-07-31T17:37:38.183655987Z" level=info msg="Start stats collector"
Jul 31 17:37:38 giropops-control-plane containerd[137]: time="2026-07-31T17:37:38.183751842Z" level=info msg="Start recovering state"
Jul 31 17:37:38 giropops-control-plane containerd[137]: time="2026-07-31T17:37:38.714280353Z" level=warning msg="The image sha256:ee85eb1f0edd27fd11e3bed20f21a4001ad63107eb2f8d489429648a799c0e86 is not unpacked."
Jul 31 17:37:38 giropops-control-plane containerd[137]: time="2026-07-31T17:37:38.721335163Z" level=warning msg="The image docker.io/kindest/kindnetd:v20260528-9350166c is not unpacked."
Jul 31 17:37:38 giropops-control-plane containerd[137]: time="2026-07-31T17:37:38.764894640Z" level=info msg="loading plugin" id=io.containerd.server.v1.grpc-tcp type=io.containerd.server.v1
Jul 31 17:37:38 giropops-control-plane containerd[137]: time="2026-07-31T17:37:38.772441765Z" level=info msg="skip loading plugin" error="skip plugin" id=io.containerd.server.v1.grpc-tcp type=io.containerd.server.v1
Jul 31 17:37:38 giropops-control-plane containerd[137]: time="2026-07-31T17:37:38.772468158Z" level=info msg="loading plugin" id=io.containerd.http.v1.pprof type=io.containerd.http.v1
Jul 31 17:37:38 giropops-control-plane containerd[137]: time="2026-07-31T17:37:38.772561657Z" level=info msg="loading plugin" id=io.containerd.server.v1.debug type=io.containerd.server.v1
Jul 31 17:37:38 giropops-control-plane containerd[137]: time="2026-07-31T17:37:38.772578189Z" level=info msg="skip loading plugin" error="skip plugin" id=io.containerd.server.v1.debug type=io.containerd.server.v1
Jul 31 17:37:38 giropops-control-plane containerd[137]: time="2026-07-31T17:37:38.819422880Z" level=info msg=serving... address=/run/containerd/containerd.sock.ttrpc
Jul 31 17:37:38 giropops-control-plane containerd[137]: time="2026-07-31T17:37:38.824363083Z" level=info msg="starting GRPC server" address=/run/containerd/containerd.sock gid=0 uid=0
Jul 31 17:37:38 giropops-control-plane containerd[137]: time="2026-07-31T17:37:38.824422603Z" level=info msg=serving... address=/run/containerd/containerd.sock
Jul 31 17:37:38 giropops-control-plane containerd[137]: time="2026-07-31T17:37:38.927340365Z" level=warning msg="The image import-2026-06-02@sha256:77add4a58677c7fa1a02b42381a024adc860f8d6bbdf38a89d7f8803c116e43c is not unpacked."
Jul 31 17:37:38 giropops-control-plane containerd[137]: time="2026-07-31T17:37:38.928263298Z" level=warning msg="The image import-2026-06-02@sha256:48e12aa71c24cf624334ae6f0373f1e1b85825254085475eda149111a926e33c is not unpacked."
Jul 31 17:37:38 giropops-control-plane containerd[137]: time="2026-07-31T17:37:38.937185270Z" level=warning msg="The image registry.k8s.io/coredns/coredns:v1.14.2 is not unpacked."
Jul 31 17:37:38 giropops-control-plane containerd[137]: time="2026-07-31T17:37:38.938134832Z" level=warning msg="The image registry.k8s.io/etcd:3.6.8-0 is not unpacked."
Jul 31 17:37:38 giropops-control-plane containerd[137]: time="2026-07-31T17:37:38.965796802Z" level=warning msg="The image import-2026-06-02@sha256:834d6b8414308aed626e67979c4665f21b3651e5d8d04ae68d960a4f844b4e81 is not unpacked."
Jul 31 17:37:38 giropops-control-plane containerd[137]: time="2026-07-31T17:37:38.950062971Z" level=warning msg="The image registry.k8s.io/kube-apiserver:v1.36.1 is not unpacked."
Jul 31 17:37:38 giropops-control-plane containerd[137]: time="2026-07-31T17:37:38.994436833Z" level=warning msg="The image registry.k8s.io/kube-apiserver-amd64:v1.36.1 is not unpacked."
Jul 31 17:37:38 giropops-control-plane containerd[137]: time="2026-07-31T17:37:38.995817873Z" level=warning msg="The image registry.k8s.io/kube-proxy-amd64:v1.36.1 is not unpacked."
Jul 31 17:37:38 giropops-control-plane containerd[137]: time="2026-07-31T17:37:38.995982129Z" level=warning msg="The image registry.k8s.io/kube-proxy:v1.36.1 is not unpacked."
Jul 31 17:37:39 giropops-control-plane containerd[137]: time="2026-07-31T17:37:39.026914016Z" level=warning msg="The image registry.k8s.io/kube-scheduler-amd64:v1.36.1 is not unpacked."
Jul 31 17:37:39 giropops-control-plane containerd[137]: time="2026-07-31T17:37:39.028691198Z" level=warning msg="The image registry.k8s.io/pause:3.10 is not unpacked."
Jul 31 17:37:39 giropops-control-plane containerd[137]: time="2026-07-31T17:37:39.048651897Z" level=warning msg="The image sha256:19aa6a21b42cb57f6f76e0f3584d7dfec241a3f3568cd6590a2967c28d9cdce3 is not unpacked."
Jul 31 17:37:39 giropops-control-plane containerd[137]: time="2026-07-31T17:37:39.063845624Z" level=warning msg="The image registry.k8s.io/kube-controller-manager-amd64:v1.36.1 is not unpacked."
Jul 31 17:37:39 giropops-control-plane containerd[137]: time="2026-07-31T17:37:39.080998385Z" level=warning msg="The image sha256:78282b5844742761f4b51b4dbc2103e5bda6c694fbacd5afe7dfa3b23b4e1590 is not unpacked."
Jul 31 17:37:39 giropops-control-plane containerd[137]: time="2026-07-31T17:37:39.082673018Z" level=warning msg="The image sha256:38667dd9be96c17227adde456e33ad701bdbdc5c6db0272a1d33a929bd8e62d6 is not unpacked."
Jul 31 17:37:39 giropops-control-plane containerd[137]: time="2026-07-31T17:37:39.084849176Z" level=warning msg="The image registry.k8s.io/kube-controller-manager:v1.36.1 is not unpacked."
Jul 31 17:37:39 giropops-control-plane containerd[137]: time="2026-07-31T17:37:39.086503187Z" level=warning msg="The image sha256:b665198f31ae0e1bb7488858964d6f2a60e6052c1091d3e79f37108b29edbcc4 is not unpacked."
Jul 31 17:37:39 giropops-control-plane containerd[137]: time="2026-07-31T17:37:39.152193113Z" level=warning msg="The image sha256:e5e695fbdadac88d9ee437aaabe9419819eecf2b6e2eb26d8b0a27b747bc658a is not unpacked."
Jul 31 17:37:39 giropops-control-plane containerd[137]: time="2026-07-31T17:37:39.155275930Z" level=warning msg="The image docker.io/kindest/local-path-provisioner:v20260521-9fb22683 is not unpacked."
Jul 31 17:37:39 giropops-control-plane containerd[137]: time="2026-07-31T17:37:39.158446897Z" level=warning msg="The image docker.io/kindest/local-path-helper:v20260131-7181c60a is not unpacked."
Jul 31 17:37:39 giropops-control-plane containerd[137]: time="2026-07-31T17:37:39.235106529Z" level=warning msg="The image import-2026-06-02@sha256:3fb749e08554fac4cde5dc53397de761b92939d34ead7e3c89248a8bf5b621e4 is not unpacked."
Jul 31 17:37:39 giropops-control-plane containerd[137]: time="2026-07-31T17:37:39.248650920Z" level=warning msg="The image sha256:e44e5463fce88882cdd5da8c626840ac5d980a30d322c3d4484009f548ba76de is not unpacked."
Jul 31 17:37:39 giropops-control-plane containerd[137]: time="2026-07-31T17:37:39.249222465Z" level=warning msg="The image sha256:873ed75102791e5b0b8a7fcd41606c92fcec98d56d05ead4ac5131650004c136 is not unpacked."
Jul 31 17:37:39 giropops-control-plane containerd[137]: time="2026-07-31T17:37:39.289467060Z" level=warning msg="The image registry.k8s.io/kube-scheduler:v1.36.1 is not unpacked."
Jul 31 17:37:39 giropops-control-plane containerd[137]: time="2026-07-31T17:37:39.310107820Z" level=warning msg="The image sha256:315157c5c4d7605a3830b3cf84354bc5423830b9975769267eac2466d60036be is not unpacked."
Jul 31 17:37:39 giropops-control-plane containerd[137]: time="2026-07-31T17:37:39.358336821Z" level=warning msg="The image sha256:c2616bc3c695669d9cf234cb17fccbbb77931dded6e7aca9327ec596b8ba88f9 is not unpacked."
Jul 31 17:37:39 giropops-control-plane containerd[137]: time="2026-07-31T17:37:39.415955890Z" level=info msg="Start event monitor"
Jul 31 17:37:39 giropops-control-plane containerd[137]: time="2026-07-31T17:37:39.416105043Z" level=info msg="Start cni network conf syncer for default"
Jul 31 17:37:39 giropops-control-plane containerd[137]: time="2026-07-31T17:37:39.416116658Z" level=info msg="Start streaming server"
Jul 31 17:37:39 giropops-control-plane containerd[137]: time="2026-07-31T17:37:39.416123726Z" level=info msg="Registered namespace \"k8s.io\" with NRI"
Jul 31 17:37:39 giropops-control-plane containerd[137]: time="2026-07-31T17:37:39.416137507Z" level=info msg="runtime interface starting up..."
Jul 31 17:37:39 giropops-control-plane containerd[137]: time="2026-07-31T17:37:39.416145421Z" level=info msg="starting plugins..."
Jul 31 17:37:39 giropops-control-plane containerd[137]: time="2026-07-31T17:37:39.416161812Z" level=info msg="Synchronizing NRI (plugin) with current runtime state"
Jul 31 17:37:39 giropops-control-plane containerd[137]: time="2026-07-31T17:37:39.419157890Z" level=info msg="containerd successfully booted in 2.572132s"
Jul 31 17:37:39 giropops-control-plane systemd[1]: Started containerd.service - containerd container runtime.
Jul 31 17:38:13 giropops-control-plane containerd[137]: time="2026-07-31T17:38:13.534583846Z" level=info msg="RunPodSandbox for name:\"etcd-giropops-control-plane\"  uid:\"f6385469cdee465b66702fe8e5b98948\"  namespace:\"kube-system\""
Jul 31 17:38:13 giropops-control-plane containerd[137]: time="2026-07-31T17:38:13.862367875Z" level=info msg="RunPodSandbox for name:\"kube-apiserver-giropops-control-plane\"  uid:\"d99d6b2f5a797617c0c5626011ed559b\"  namespace:\"kube-system\""
Jul 31 17:38:14 giropops-control-plane containerd[137]: time="2026-07-31T17:38:14.048175115Z" level=info msg="RunPodSandbox for name:\"kube-controller-manager-giropops-control-plane\"  uid:\"9aa54d4cc5f426ff6f27a1106c7cef9a\"  namespace:\"kube-system\""
Jul 31 17:38:14 giropops-control-plane containerd[137]: time="2026-07-31T17:38:14.524926339Z" level=info msg="RunPodSandbox for name:\"kube-scheduler-giropops-control-plane\"  uid:\"b90bf1a20b59f0f0ca5c87a461f6b73c\"  namespace:\"kube-system\""
Jul 31 17:38:20 giropops-control-plane containerd[137]: time="2026-07-31T17:38:20.312420110Z" level=info msg="connecting to shim dbbb673dcb394687e22e11338b865be8bb70e79e3932eee3ec4acf68c0419d18" address="unix:///run/containerd/s/fe953bb67fc751dfd68535b67fb2a937359d466f609fb916b11bceed245641a7" namespace=k8s.io protocol=ttrpc version=3
Jul 31 17:38:22 giropops-control-plane containerd[137]: time="2026-07-31T17:38:22.282634411Z" level=info msg="connecting to shim 817b1666cdf89ac73efe40847012e622d3f794ff783b18a0ba73238b641421ed" address="unix:///run/containerd/s/ce269a50fcacc67390beb156c5eef58a356ea55dd0c4be7d9ad4795e7dd291ee" namespace=k8s.io protocol=ttrpc version=3
Jul 31 17:38:22 giropops-control-plane containerd[137]: time="2026-07-31T17:38:22.489264523Z" level=info msg="connecting to shim 55c827cf8a15936d4103a83f19ced7734779ccbef43a395cd3188928810dbf4a" address="unix:///run/containerd/s/e0f7b73e5eda54b2e3e4f070ab2867e4ed6f8279e53c654cbe7a4a7633676996" namespace=k8s.io protocol=ttrpc version=3
Jul 31 17:38:22 giropops-control-plane containerd[137]: time="2026-07-31T17:38:22.804238449Z" level=info msg="connecting to shim 853a95988b7e15c1d17a649be2b0ac03251ccfeeabb940b0ce9a36ac3f3e012d" address="unix:///run/containerd/s/24c644123cbb0e8390398a3921fc18f1c64fed14dff5ac159a243f315ff09291" namespace=k8s.io protocol=ttrpc version=3
Jul 31 17:38:26 giropops-control-plane containerd[137]: time="2026-07-31T17:38:26.382168577Z" level=error msg="ttrpc: received message on inactive stream" stream=3
Jul 31 17:38:28 giropops-control-plane containerd[137]: time="2026-07-31T17:38:28.495644532Z" level=error msg="ttrpc: received message on inactive stream" stream=3
Jul 31 17:38:28 giropops-control-plane containerd[137]: time="2026-07-31T17:38:28.735455356Z" level=info msg="RunPodSandbox for name:\"etcd-giropops-control-plane\"  uid:\"f6385469cdee465b66702fe8e5b98948\"  namespace:\"kube-system\" returns sandbox id \"dbbb673dcb394687e22e11338b865be8bb70e79e3932eee3ec4acf68c0419d18\""
Jul 31 17:38:29 giropops-control-plane containerd[137]: time="2026-07-31T17:38:29.414508330Z" level=info msg="CreateContainer within sandbox \"dbbb673dcb394687e22e11338b865be8bb70e79e3932eee3ec4acf68c0419d18\" for container name:\"etcd\""
Jul 31 17:38:30 giropops-control-plane containerd[137]: time="2026-07-31T17:38:30.947120027Z" level=info msg="RunPodSandbox for name:\"kube-controller-manager-giropops-control-plane\"  uid:\"9aa54d4cc5f426ff6f27a1106c7cef9a\"  namespace:\"kube-system\" returns sandbox id \"817b1666cdf89ac73efe40847012e622d3f794ff783b18a0ba73238b641421ed\""
Jul 31 17:38:31 giropops-control-plane containerd[137]: time="2026-07-31T17:38:31.830946224Z" level=info msg="CreateContainer within sandbox \"817b1666cdf89ac73efe40847012e622d3f794ff783b18a0ba73238b641421ed\" for container name:\"kube-controller-manager\""
Jul 31 17:38:32 giropops-control-plane containerd[137]: time="2026-07-31T17:38:32.393893175Z" level=info msg="RunPodSandbox for name:\"kube-scheduler-giropops-control-plane\"  uid:\"b90bf1a20b59f0f0ca5c87a461f6b73c\"  namespace:\"kube-system\" returns sandbox id \"853a95988b7e15c1d17a649be2b0ac03251ccfeeabb940b0ce9a36ac3f3e012d\""
Jul 31 17:38:33 giropops-control-plane containerd[137]: time="2026-07-31T17:38:32.987864824Z" level=info msg="RunPodSandbox for name:\"kube-apiserver-giropops-control-plane\"  uid:\"d99d6b2f5a797617c0c5626011ed559b\"  namespace:\"kube-system\" returns sandbox id \"55c827cf8a15936d4103a83f19ced7734779ccbef43a395cd3188928810dbf4a\""
Jul 31 17:38:33 giropops-control-plane containerd[137]: time="2026-07-31T17:38:32.998167324Z" level=info msg="CreateContainer within sandbox \"853a95988b7e15c1d17a649be2b0ac03251ccfeeabb940b0ce9a36ac3f3e012d\" for container name:\"kube-scheduler\""
Jul 31 17:38:34 giropops-control-plane containerd[137]: time="2026-07-31T17:38:34.064528570Z" level=info msg="CreateContainer within sandbox \"55c827cf8a15936d4103a83f19ced7734779ccbef43a395cd3188928810dbf4a\" for container name:\"kube-apiserver\""
